// Jest Snapshot v1, https://goo.gl/fbAQLP

exports[`BrowserInputSuggestions should render 1`] = `
<div
  className="BrowserInputSuggestions__container"
>
  <ul />
</div>
`;
