// Jest Snapshot v1, https://goo.gl/fbAQLP

exports[`Extensions should render 1`] = `
<div
  id="Extensions__container"
>
  <div
    className="CloseButton__container"
    data-testid="close-button"
    onClick={[MockFunction]}
  >
    <svg
      aria-hidden={true}
      className="MuiSvgIcon-root MuiSvgIcon-fontSizeMedium css-i4bv87-MuiSvgIcon-root"
      data-testid="CloseIcon"
      focusable="false"
      viewBox="0 0 24 24"
    >
      <path
        d="M19 6.41 17.59 5 12 10.59 6.41 5 5 6.41 10.59 12 5 17.59 6.41 19 12 13.41 17.59 19 19 17.59 13.41 12z"
      />
    </svg>
  </div>
  <div
    id="Extensions__centered-container"
  >
    <h2>
      Extensions
    </h2>
    <input
      className="Extensions__search"
      onChange={[Function]}
      placeholder="Search"
      type="text"
    />
  </div>
</div>
`;
