// Jest Snapshot v1, https://goo.gl/fbAQLP

exports[`Loader should render 1`] = `
<div
  className="Loader__loading"
>
  <img
    src="test-file-stub"
  />
</div>
`;
